// Jest Snapshot v1, https://goo.gl/fbAQLP

exports[`ListComponent 1`] = `
<div>
  <ul>
    <li><strong>Iron Man</strong></li>
    <li><strong>Avengers</strong></li>
    <li><strong>Infitinity War</strong></li>
  </ul>
</div>
`;

exports[`mount a vue component 1`] = `
<div>
  <h1>Test Component</h1>
  <h2 id="ani1">
    Hello
    <span class="w3-yellow">
      VueSchool
    </span></h2>
</div>
`;
